2026-09-04T01:23:05Z INF Thank you for trying Cloudflare Tunnel. Doing so, without a Cloudflare account, is a quick way to experiment and try it out. However, be aware that these account-less Tunnels have no uptime guarantee, are subject to the Cloudflare Online Services Terms of Use (https://www.cloudflare.com/website-terms/), and Cloudflare reserves the right to investigate your use of Tunnels for violations of such terms. If you intend to use Tunnels in production you should use a pre-created named tunnel by following: https://developers.cloudflare.com/cloudflare-one/connections/connect-apps
2026-09-04T01:23:05Z INF Requesting new quick Tunnel on trycloudflare.com...
2026-09-04T01:23:12Z INF +--------------------------------------------------------------------------------------------+
2026-09-04T01:23:12Z INF |  Your quick Tunnel has been created! Visit it at (it may take some time to be reachable):  |
2026-09-04T01:23:12Z INF |  https://images-priorities-sofa-studies.trycloudflare.com                                  |
2026-09-04T01:23:12Z INF +--------------------------------------------------------------------------------------------+
2026-09-04T01:23:12Z INF Cannot determine default configuration path. No file [config.yml config.yaml] in [~/.cloudflared ~/.cloudflare-warp ~/cloudflare-warp]
2026-09-04T01:23:12Z INF Version 2026.8.3 (Checksum 83e726ed18ea78c5ad5213c4c3a3a27051393950d2bc8ed4de69bec12d14eaae)
2026-09-04T01:23:12Z INF GOOS: windows, GOVersion: go1.26.4, GoArch: amd64
2026-09-04T01:23:12Z INF Settings: map[ha-connections:1 protocol:quic url:http://localhost:3000]
2026-09-04T01:23:12Z INF cloudflared will not automatically update on Windows systems.
2026-09-04T01:23:12Z INF Generated Connector ID: db57c0eb-95b4-4f01-a8a3-e6734ed76928
2026-09-04T01:23:12Z INF Initial protocol quic
2026-09-04T01:23:12Z INF ICMP proxy will use 192.168.0.219 as source for IPv4
2026-09-04T01:23:12Z INF ICMP proxy will use fe80::fb22:fc66:ec18:f603 in zone 이더넷 3 as source for IPv6
2026-09-04T01:23:12Z INF cloudflared does not support loading the system root certificate pool on Windows. Please use --origin-ca-pool <PATH> to specify the path to the certificate pool
2026-09-04T01:23:12Z INF ICMP proxy will use 192.168.0.219 as source for IPv4
2026-09-04T01:23:12Z INF Tunnel connection curve preferences: [X25519MLKEM768 CurveID(65074) CurveP256] connIndex=0 event=0 ip=198.41.200.33
2026-09-04T01:23:12Z INF +-------------------------------------------------------------------------------------+
2026-09-04T01:23:12Z INF |                               CONNECTIVITY PRE-CHECKS                               |
2026-09-04T01:23:12Z INF +-------------------------------------------------------------------------------------+
2026-09-04T01:23:12Z INF |  COMPONENT         TARGET                     STATUS  DETAILS                       |
2026-09-04T01:23:12Z INF |  DNS Resolution    region1.v2.argotunnel.com  PASS    DNS Resolved successfully     |
2026-09-04T01:23:12Z INF |  DNS Resolution    region2.v2.argotunnel.com  PASS    DNS Resolved successfully     |
2026-09-04T01:23:12Z INF |  UDP Connectivity  region1.v2.argotunnel.com  PASS    QUIC connection successful    |
2026-09-04T01:23:12Z INF |  UDP Connectivity  region2.v2.argotunnel.com  PASS    QUIC connection successful    |
2026-09-04T01:23:12Z INF |  TCP Connectivity  region1.v2.argotunnel.com  PASS    HTTP/2 connection successful  |
2026-09-04T01:23:12Z INF |  TCP Connectivity  region2.v2.argotunnel.com  PASS    HTTP/2 connection successful  |
2026-09-04T01:23:12Z INF |  Cloudflare API    api.cloudflare.com:443     PASS    API is reachable              |
2026-09-04T01:23:12Z INF |                                                                                     |
2026-09-04T01:23:12Z INF |  SUMMARY: Environment is healthy. cloudflared will use 'quic' as primary protocol.  |
2026-09-04T01:23:12Z INF +-------------------------------------------------------------------------------------+
2026-09-04T01:23:12Z INF precheck component="DNS Resolution" details="DNS Resolved successfully" run_id=9798bb9a-f2ca-4d02-9b27-d55203ce82b0 status=pass target=region1.v2.argotunnel.com
2026-09-04T01:23:12Z INF precheck component="DNS Resolution" details="DNS Resolved successfully" run_id=9798bb9a-f2ca-4d02-9b27-d55203ce82b0 status=pass target=region2.v2.argotunnel.com
2026-09-04T01:23:12Z INF precheck component="UDP Connectivity" details="QUIC connection successful" run_id=9798bb9a-f2ca-4d02-9b27-d55203ce82b0 status=pass target=region1.v2.argotunnel.com
2026-09-04T01:23:12Z INF precheck component="UDP Connectivity" details="QUIC connection successful" run_id=9798bb9a-f2ca-4d02-9b27-d55203ce82b0 status=pass target=region2.v2.argotunnel.com
2026-09-04T01:23:12Z INF precheck component="TCP Connectivity" details="HTTP/2 connection successful" run_id=9798bb9a-f2ca-4d02-9b27-d55203ce82b0 status=pass target=region1.v2.argotunnel.com
2026-09-04T01:23:12Z INF precheck component="TCP Connectivity" details="HTTP/2 connection successful" run_id=9798bb9a-f2ca-4d02-9b27-d55203ce82b0 status=pass target=region2.v2.argotunnel.com
2026-09-04T01:23:12Z INF precheck component="Cloudflare API" details="API is reachable" run_id=9798bb9a-f2ca-4d02-9b27-d55203ce82b0 status=pass target=api.cloudflare.com:443
2026-09-04T01:23:12Z INF precheck complete hard_fail=false run_id=9798bb9a-f2ca-4d02-9b27-d55203ce82b0 suggested_protocol=quic
2026-09-04T01:23:12Z INF ICMP proxy will use fe80::fb22:fc66:ec18:f603 in zone 이더넷 3 as source for IPv6
2026-09-04T01:23:12Z INF Starting metrics server on 127.0.0.1:20241/metrics
2026-09-04T01:23:12Z INF Registered tunnel connection connIndex=0 connection=97e219b9-4c3b-43f1-8461-0cd4e929a899 event=0 ip=198.41.200.33 location=icn01 protocol=quic
